// Jest Snapshot v1, https://goo.gl/fbAQLP

exports[`CardList componente test 1`] = `ShallowWrapper {}`;
