// Jest Snapshot v1, https://goo.gl/fbAQLP

exports[`Card componente test 1`] = `<Card />`;
